// Jest Snapshot v1, https://goo.gl/fbAQLP

exports[`testing ProductPage render ProductPage Renders Correctly 1`] = `
<div
  className="MuiBox-root css-1v719cu"
>
  <div
    className="MuiGrid-root css-b7ixwv-MuiGrid-root"
  >
    <img
      alt="BG for products Page"
      className="MuiBox-root css-udfay2"
      src="https://images.unsplash.com/photo-1507546530-14a03f8d180a?ixlib=rb-1.2.1&ixid=MnwxMjA3fDB8MHxwaG90by1wYWdlfHx8fGVufDB8fHx8&auto=format&fit=crop&w=642&q=80"
    />
  </div>
  <div
    className="MuiGrid-root css-maqey9-MuiGrid-root"
  >
    <div
      className="MuiGrid-root css-er906r-MuiGrid-root"
    >
      <button
        className="MuiButtonBase-root MuiIconButton-root MuiIconButton-sizeMedium css-78trlr-MuiButtonBase-root-MuiIconButton-root"
        disabled={false}
        onBlur={[Function]}
        onClick={[Function]}
        onContextMenu={[Function]}
        onDragLeave={[Function]}
        onFocus={[Function]}
        onKeyDown={[Function]}
        onKeyUp={[Function]}
        onMouseDown={[Function]}
        onMouseLeave={[Function]}
        onMouseUp={[Function]}
        onTouchEnd={[Function]}
        onTouchMove={[Function]}
        onTouchStart={[Function]}
        tabIndex={0}
        type="button"
      >
        <svg
          aria-hidden={true}
          className="MuiSvgIcon-root MuiSvgIcon-fontSizeMedium css-i4bv87-MuiSvgIcon-root"
          data-testid="FilterListIcon"
          focusable="false"
          viewBox="0 0 24 24"
        >
          <path
            d="M10 18h4v-2h-4v2zM3 6v2h18V6H3zm3 7h12v-2H6v2z"
          />
        </svg>
      </button>
    </div>
    <div
      className="MuiGrid-root css-iectcq-MuiGrid-root"
    />
  </div>
</div>
`;
