// Jest Snapshot v1, https://goo.gl/fbAQLP

exports[`testing <OrderImageBg/> render OrderImageBg Renders Correctly 1`] = `
<div
  className="MuiGrid-root css-b7ixwv-MuiGrid-root"
>
  <img
    alt="BG for products Page"
    className="MuiBox-root css-oo92pk"
    src="https://images.unsplash.com/photo-1603984719659-7af2c6f02a79?ixlib=rb-1.2.1&ixid=MnwxMjA3fDB8MHxwaG90by1wYWdlfHx8fGVufDB8fHx8&auto=format&fit=crop&w=687&q=80"
  />
</div>
`;
