// Jest Snapshot v1, https://goo.gl/fbAQLP

exports[`testing ProductImageBg render ProductImageBg Renders Correctly 1`] = `
<div
  className="MuiGrid-root css-b7ixwv-MuiGrid-root"
>
  <img
    alt="BG for products Page"
    className="MuiBox-root css-udfay2"
    src="https://images.unsplash.com/photo-1507546530-14a03f8d180a?ixlib=rb-1.2.1&ixid=MnwxMjA3fDB8MHxwaG90by1wYWdlfHx8fGVufDB8fHx8&auto=format&fit=crop&w=642&q=80"
  />
</div>
`;
